function: greet
positional parameters: none
keyword parameters: none
return: None
function: greet
positional parameters: none
keyword parameters: none
return: None
function: pos
positional parameters: (1, 2, '1', '2')
keyword parameters: none
return: True
function: no_pos
positional parameters: none
keyword parameters: {'a': 1, 'b': 2}
return: <function logger_decorator at 0x1047376a0>
function: greet
positional parameters: none
keyword parameters: none
return: None
function: pos
positional parameters: (3, 4)
keyword parameters: none
return: True
function: no_pos
positional parameters: none
keyword parameters: {'a': 'Monday', 'b': 'Tuesday'}
return: <function logger_decorator at 0x104ae76a0>
function: greet
positional parameters: none
keyword parameters: none
return: None
function: pos
positional parameters: none
keyword parameters: none
return: True
function: no_pos
positional parameters: none
keyword parameters: none
return: <function logger_decorator at 0x1024ab380>
function: greet
positional parameters: none
keyword parameters: none
return: None
function: pos
positional parameters: (False,)
keyword parameters: none
return: True
function: no_pos
positional parameters: (True,)
keyword parameters: none
